[A RANDOM UNIQUE STRING]
blank
getat
w72z1
